int array: check widen for [object Object]
int array: check widen for null
int array: check widen for undefined
int array: check widen for false [class java.lang.Boolean]
int array: check widen for true [class java.lang.Boolean]
int array: check widen for 34 [class java.lang.Byte]
int array: check widen for 344454 [class java.lang.Integer]
int array: check widen for 454545 [class java.lang.Long]
int array: check widen for 2147483648 [class java.lang.Long]
int array: check widen for 34.29999923706055 [class java.lang.Float]
int array: check widen for 3.141592653589793 [class java.lang.Double]
int array: check widen for s
long array: check widen for [object Object]
long array: check widen for null
long array: check widen for undefined
long array: check widen for false [class java.lang.Boolean]
long array: check widen for true [class java.lang.Boolean]
long array: check widen for 34 [class java.lang.Byte]
long array: check widen for 344454 [class java.lang.Integer]
long array: check widen for 454545 [class java.lang.Long]
long array: check widen for 2147483648 [class java.lang.Long]
long array: check widen for 34.29999923706055 [class java.lang.Float]
long array: check widen for 3.141592653589793 [class java.lang.Double]
long array: check widen for s
number array: check widen for [object Object]
number array: check widen for null
number array: check widen for undefined
number array: check widen for false [class java.lang.Boolean]
number array: check widen for true [class java.lang.Boolean]
number array: check widen for 34 [class java.lang.Byte]
number array: check widen for 344454 [class java.lang.Integer]
number array: check widen for 454545 [class java.lang.Long]
number array: check widen for 2147483648 [class java.lang.Long]
number array: check widen for 34.29999923706055 [class java.lang.Float]
number array: check widen for 3.141592653589793 [class java.lang.Double]
number array: check widen for s
object array: check widen for [object Object]
object array: check widen for null
object array: check widen for undefined
object array: check widen for false [class java.lang.Boolean]
object array: check widen for true [class java.lang.Boolean]
object array: check widen for 34 [class java.lang.Byte]
object array: check widen for 344454 [class java.lang.Integer]
object array: check widen for 454545 [class java.lang.Long]
object array: check widen for 2147483648 [class java.lang.Long]
object array: check widen for 34.29999923706055 [class java.lang.Float]
object array: check widen for 3.141592653589793 [class java.lang.Double]
object array: check widen for s
